src/components/Wizard/Step3_Courses.tsx(413,7): error TS1005: ')' expected.
src/components/Wizard/Step3_Courses.tsx(618,5): error TS1128: Declaration or statement expected.
src/components/Wizard/Step3_Courses.tsx(619,3): error TS1109: Expression expected.
src/components/Wizard/Step3_Courses.tsx(620,1): error TS1128: Declaration or statement expected.
